Archive member included to satisfy reference by file (symbol)

c:/avr-gcc-10.1.0-x64-windows/bin/../lib/gcc/avr/10.1.0/avrxmega2\libgcc.a(_exit.o)
                              c:/avr-gcc-10.1.0-x64-windows/bin/../lib/gcc/avr/10.1.0/../../../../avr/lib/avrxmega2/crtatxmega32d4.o (exit)

Memory Configuration

Name             Origin             Length             Attributes
text             0x0000000000000000 0x0000000000100000 xr
data             0x0000000000802000 0x000000000000ffa0 rw !x
eeprom           0x0000000000810000 0x0000000000010000 rw !x
fuse             0x0000000000820000 0x0000000000000006 rw !x
lock             0x0000000000830000 0x0000000000000400 rw !x
signature        0x0000000000840000 0x0000000000000400 rw !x
user_signatures  0x0000000000850000 0x0000000000000400 rw !x
*default*        0x0000000000000000 0xffffffffffffffff

Linker script and memory map

LOAD c:/avr-gcc-10.1.0-x64-windows/bin/../lib/gcc/avr/10.1.0/../../../../avr/lib/avrxmega2/crtatxmega32d4.o
LOAD obj\Debug\fuse.o
LOAD obj\Debug\main.o
START GROUP
LOAD c:/avr-gcc-10.1.0-x64-windows/bin/../lib/gcc/avr/10.1.0/avrxmega2\libgcc.a
LOAD c:/avr-gcc-10.1.0-x64-windows/bin/../lib/gcc/avr/10.1.0/../../../../avr/lib/avrxmega2\libm.a
LOAD c:/avr-gcc-10.1.0-x64-windows/bin/../lib/gcc/avr/10.1.0/../../../../avr/lib/avrxmega2\libc.a
LOAD c:/avr-gcc-10.1.0-x64-windows/bin/../lib/gcc/avr/10.1.0/../../../../avr/lib/avrxmega2\libatxmega32d4.a
END GROUP
                0x0000000000100000                __TEXT_REGION_LENGTH__ = DEFINED (__TEXT_REGION_LENGTH__)?__TEXT_REGION_LENGTH__:0x100000
                0x000000000000ffa0                __DATA_REGION_LENGTH__ = DEFINED (__DATA_REGION_LENGTH__)?__DATA_REGION_LENGTH__:0xffa0
                0x0000000000010000                __EEPROM_REGION_LENGTH__ = DEFINED (__EEPROM_REGION_LENGTH__)?__EEPROM_REGION_LENGTH__:0x10000
                [0x0000000000000006]                __FUSE_REGION_LENGTH__ = DEFINED (__FUSE_REGION_LENGTH__)?__FUSE_REGION_LENGTH__:0x400
                0x0000000000000400                __LOCK_REGION_LENGTH__ = DEFINED (__LOCK_REGION_LENGTH__)?__LOCK_REGION_LENGTH__:0x400
                0x0000000000000400                __SIGNATURE_REGION_LENGTH__ = DEFINED (__SIGNATURE_REGION_LENGTH__)?__SIGNATURE_REGION_LENGTH__:0x400
                0x0000000000000400                __USER_SIGNATURE_REGION_LENGTH__ = DEFINED (__USER_SIGNATURE_REGION_LENGTH__)?__USER_SIGNATURE_REGION_LENGTH__:0x400

.hash
 *(.hash)

.dynsym
 *(.dynsym)

.dynstr
 *(.dynstr)

.gnu.version
 *(.gnu.version)

.gnu.version_d
 *(.gnu.version_d)

.gnu.version_r
 *(.gnu.version_r)

.rel.init
 *(.rel.init)

.rela.init
 *(.rela.init)

.rel.text
 *(.rel.text)
 *(.rel.text.*)
 *(.rel.gnu.linkonce.t*)

.rela.text
 *(.rela.text)
 *(.rela.text.*)
 *(.rela.gnu.linkonce.t*)

.rel.fini
 *(.rel.fini)

.rela.fini
 *(.rela.fini)

.rel.rodata
 *(.rel.rodata)
 *(.rel.rodata.*)
 *(.rel.gnu.linkonce.r*)

.rela.rodata
 *(.rela.rodata)
 *(.rela.rodata.*)
 *(.rela.gnu.linkonce.r*)

.rel.data
 *(.rel.data)
 *(.rel.data.*)
 *(.rel.gnu.linkonce.d*)

.rela.data
 *(.rela.data)
 *(.rela.data.*)
 *(.rela.gnu.linkonce.d*)

.rel.ctors
 *(.rel.ctors)

.rela.ctors
 *(.rela.ctors)

.rel.dtors
 *(.rel.dtors)

.rela.dtors
 *(.rela.dtors)

.rel.got
 *(.rel.got)

.rela.got
 *(.rela.got)

.rel.bss
 *(.rel.bss)

.rela.bss
 *(.rela.bss)

.rel.plt
 *(.rel.plt)

.rela.plt
 *(.rela.plt)

.text           0x0000000000000000      0x1a6
 *(.vectors)
 .vectors       0x0000000000000000      0x16c c:/avr-gcc-10.1.0-x64-windows/bin/../lib/gcc/avr/10.1.0/../../../../avr/lib/avrxmega2/crtatxmega32d4.o
                0x0000000000000000                __vector_default
                0x0000000000000000                __vectors
 *(.vectors)
 *(.progmem.gcc*)
                0x000000000000016c                . = ALIGN (0x2)
                0x000000000000016c                __trampolines_start = .
 *(.trampolines)
 .trampolines   0x000000000000016c        0x0 linker stubs
 *(.trampolines*)
                0x000000000000016c                __trampolines_end = .
 *libprintf_flt.a:*(.progmem.data)
 *libc.a:*(.progmem.data)
 *(.progmem.*)
                0x000000000000016c                . = ALIGN (0x2)
 *(.lowtext)
 *(.lowtext*)
                0x000000000000016c                __ctors_start = .
 *(.ctors)
                0x000000000000016c                __ctors_end = .
                0x000000000000016c                __dtors_start = .
 *(.dtors)
                0x000000000000016c                __dtors_end = .
 SORT_BY_NAME(*)(.ctors)
 SORT_BY_NAME(*)(.dtors)
 *(.init0)
 .init0         0x000000000000016c        0x0 c:/avr-gcc-10.1.0-x64-windows/bin/../lib/gcc/avr/10.1.0/../../../../avr/lib/avrxmega2/crtatxmega32d4.o
                0x000000000000016c                __init
 *(.init0)
 *(.init1)
 *(.init1)
 *(.init2)
 .init2         0x000000000000016c        0xc c:/avr-gcc-10.1.0-x64-windows/bin/../lib/gcc/avr/10.1.0/../../../../avr/lib/avrxmega2/crtatxmega32d4.o
 *(.init2)
 *(.init3)
 *(.init3)
 *(.init4)
 *(.init4)
 *(.init5)
 *(.init5)
 *(.init6)
 *(.init6)
 *(.init7)
 *(.init7)
 *(.init8)
 *(.init8)
 *(.init9)
 .init9         0x0000000000000178        0x8 c:/avr-gcc-10.1.0-x64-windows/bin/../lib/gcc/avr/10.1.0/../../../../avr/lib/avrxmega2/crtatxmega32d4.o
 *(.init9)
 *(.text)
 .text          0x0000000000000180        0x4 c:/avr-gcc-10.1.0-x64-windows/bin/../lib/gcc/avr/10.1.0/../../../../avr/lib/avrxmega2/crtatxmega32d4.o
                0x0000000000000180                __vector_38
                0x0000000000000180                __vector_22
                0x0000000000000180                __vector_63
                0x0000000000000180                __vector_28
                0x0000000000000180                __vector_67
                0x0000000000000180                __vector_1
                0x0000000000000180                __vector_32
                0x0000000000000180                __vector_75
                0x0000000000000180                __vector_71
                0x0000000000000180                __vector_34
                0x0000000000000180                __vector_62
                0x0000000000000180                __vector_77
                0x0000000000000180                __vector_24
                0x0000000000000180                __vector_12
                0x0000000000000180                __vector_55
                0x0000000000000180                __vector_69
                0x0000000000000180                __vector_81
                0x0000000000000180                __vector_90
                0x0000000000000180                __vector_46
                0x0000000000000180                __bad_interrupt
                0x0000000000000180                __vector_72
                0x0000000000000180                __vector_6
                0x0000000000000180                __vector_31
                0x0000000000000180                __vector_35
                0x0000000000000180                __vector_78
                0x0000000000000180                __vector_74
                0x0000000000000180                __vector_39
                0x0000000000000180                __vector_3
                0x0000000000000180                __vector_23
                0x0000000000000180                __vector_68
                0x0000000000000180                __vector_30
                0x0000000000000180                __vector_73
                0x0000000000000180                __vector_45
                0x0000000000000180                __vector_25
                0x0000000000000180                __vector_61
                0x0000000000000180                __vector_11
                0x0000000000000180                __vector_54
                0x0000000000000180                __vector_13
                0x0000000000000180                __vector_17
                0x0000000000000180                __vector_19
                0x0000000000000180                __vector_56
                0x0000000000000180                __vector_7
                0x0000000000000180                __vector_49
                0x0000000000000180                __vector_41
                0x0000000000000180                __vector_86
                0x0000000000000180                __vector_64
                0x0000000000000180                __vector_88
                0x0000000000000180                __vector_43
                0x0000000000000180                __vector_27
                0x0000000000000180                __vector_5
                0x0000000000000180                __vector_33
                0x0000000000000180                __vector_76
                0x0000000000000180                __vector_47
                0x0000000000000180                __vector_52
                0x0000000000000180                __vector_37
                0x0000000000000180                __vector_89
                0x0000000000000180                __vector_4
                0x0000000000000180                __vector_44
                0x0000000000000180                __vector_82
                0x0000000000000180                __vector_51
                0x0000000000000180                __vector_9
                0x0000000000000180                __vector_2
                0x0000000000000180                __vector_21
                0x0000000000000180                __vector_15
                0x0000000000000180                __vector_66
                0x0000000000000180                __vector_36
                0x0000000000000180                __vector_79
                0x0000000000000180                __vector_58
                0x0000000000000180                __vector_70
                0x0000000000000180                __vector_83
                0x0000000000000180                __vector_29
                0x0000000000000180                __vector_60
                0x0000000000000180                __vector_40
                0x0000000000000180                __vector_85
                0x0000000000000180                __vector_8
                0x0000000000000180                __vector_26
                0x0000000000000180                __vector_48
                0x0000000000000180                __vector_80
                0x0000000000000180                __vector_14
                0x0000000000000180                __vector_84
                0x0000000000000180                __vector_57
                0x0000000000000180                __vector_53
                0x0000000000000180                __vector_10
                0x0000000000000180                __vector_50
                0x0000000000000180                __vector_16
                0x0000000000000180                __vector_59
                0x0000000000000180                __vector_18
                0x0000000000000180                __vector_20
                0x0000000000000180                __vector_42
                0x0000000000000180                __vector_87
                0x0000000000000180                __vector_65
 .text          0x0000000000000184        0x0 obj\Debug\fuse.o
 .text          0x0000000000000184       0x1e obj\Debug\main.o
                0x0000000000000184                main
 .text          0x00000000000001a2        0x0 c:/avr-gcc-10.1.0-x64-windows/bin/../lib/gcc/avr/10.1.0/avrxmega2\libgcc.a(_exit.o)
                0x00000000000001a2                . = ALIGN (0x2)
 *(.text.*)
 .text.libgcc.mul
                0x00000000000001a2        0x0 c:/avr-gcc-10.1.0-x64-windows/bin/../lib/gcc/avr/10.1.0/avrxmega2\libgcc.a(_exit.o)
 .text.libgcc.div
                0x00000000000001a2        0x0 c:/avr-gcc-10.1.0-x64-windows/bin/../lib/gcc/avr/10.1.0/avrxmega2\libgcc.a(_exit.o)
 .text.libgcc   0x00000000000001a2        0x0 c:/avr-gcc-10.1.0-x64-windows/bin/../lib/gcc/avr/10.1.0/avrxmega2\libgcc.a(_exit.o)
 .text.libgcc.prologue
                0x00000000000001a2        0x0 c:/avr-gcc-10.1.0-x64-windows/bin/../lib/gcc/avr/10.1.0/avrxmega2\libgcc.a(_exit.o)
 .text.libgcc.builtins
                0x00000000000001a2        0x0 c:/avr-gcc-10.1.0-x64-windows/bin/../lib/gcc/avr/10.1.0/avrxmega2\libgcc.a(_exit.o)
 .text.libgcc.fmul
                0x00000000000001a2        0x0 c:/avr-gcc-10.1.0-x64-windows/bin/../lib/gcc/avr/10.1.0/avrxmega2\libgcc.a(_exit.o)
 .text.libgcc.fixed
                0x00000000000001a2        0x0 c:/avr-gcc-10.1.0-x64-windows/bin/../lib/gcc/avr/10.1.0/avrxmega2\libgcc.a(_exit.o)
                0x00000000000001a2                . = ALIGN (0x2)
 *(.fini9)
 .fini9         0x00000000000001a2        0x0 c:/avr-gcc-10.1.0-x64-windows/bin/../lib/gcc/avr/10.1.0/avrxmega2\libgcc.a(_exit.o)
                0x00000000000001a2                _exit
                0x00000000000001a2                exit
 *(.fini9)
 *(.fini8)
 *(.fini8)
 *(.fini7)
 *(.fini7)
 *(.fini6)
 *(.fini6)
 *(.fini5)
 *(.fini5)
 *(.fini4)
 *(.fini4)
 *(.fini3)
 *(.fini3)
 *(.fini2)
 *(.fini2)
 *(.fini1)
 *(.fini1)
 *(.fini0)
 .fini0         0x00000000000001a2        0x4 c:/avr-gcc-10.1.0-x64-windows/bin/../lib/gcc/avr/10.1.0/avrxmega2\libgcc.a(_exit.o)
 *(.fini0)
 *(.hightext)
 *(.hightext*)
 *(.progmemx.*)
                0x00000000000001a6                . = ALIGN (0x2)
 *(.jumptables)
 *(.jumptables*)
                0x00000000000001a6                _etext = .

.data           0x0000000000802000        0x0 load address 0x00000000000001a6
                [!provide]                        PROVIDE (__data_start = .)
 *(.data)
 .data          0x0000000000802000        0x0 c:/avr-gcc-10.1.0-x64-windows/bin/../lib/gcc/avr/10.1.0/../../../../avr/lib/avrxmega2/crtatxmega32d4.o
 .data          0x0000000000802000        0x0 obj\Debug\fuse.o
 .data          0x0000000000802000        0x0 obj\Debug\main.o
 .data          0x0000000000802000        0x0 c:/avr-gcc-10.1.0-x64-windows/bin/../lib/gcc/avr/10.1.0/avrxmega2\libgcc.a(_exit.o)
 *(.data*)
 *(.gnu.linkonce.d*)
 *(.rodata)
 *(.rodata*)
 *(.gnu.linkonce.r*)
                0x0000000000802000                . = ALIGN (0x2)
                0x0000000000802000                _edata = .
                [!provide]                        PROVIDE (__data_end = .)

.bss            0x0000000000802000        0x0
                [!provide]                        PROVIDE (__bss_start = .)
 *(.bss)
 .bss           0x0000000000802000        0x0 c:/avr-gcc-10.1.0-x64-windows/bin/../lib/gcc/avr/10.1.0/../../../../avr/lib/avrxmega2/crtatxmega32d4.o
 .bss           0x0000000000802000        0x0 obj\Debug\fuse.o
 .bss           0x0000000000802000        0x0 obj\Debug\main.o
 .bss           0x0000000000802000        0x0 c:/avr-gcc-10.1.0-x64-windows/bin/../lib/gcc/avr/10.1.0/avrxmega2\libgcc.a(_exit.o)
 *(.bss*)
 *(COMMON)
                [!provide]                        PROVIDE (__bss_end = .)
                0x00000000000001a6                __data_load_start = LOADADDR (.data)
                0x00000000000001a6                __data_load_end = (__data_load_start + SIZEOF (.data))

.noinit         0x0000000000802000        0x0
                [!provide]                        PROVIDE (__noinit_start = .)
 *(.noinit*)
                [!provide]                        PROVIDE (__noinit_end = .)
                0x0000000000802000                _end = .
                [!provide]                        PROVIDE (__heap_start = .)

.eeprom         0x0000000000810000        0x0
 *(.eeprom*)
                0x0000000000810000                __eeprom_end = .

.fuse           0x0000000000820000        0x6
 *(.fuse)
 .fuse          0x0000000000820000        0x6 obj\Debug\fuse.o
                0x0000000000820000                __fuse
 *(.lfuse)
 *(.hfuse)
 *(.efuse)

.lock
 *(.lock*)

.signature
 *(.signature*)

.stab
 *(.stab)

.stabstr
 *(.stabstr)

.stab.excl
 *(.stab.excl)

.stab.exclstr
 *(.stab.exclstr)

.stab.index
 *(.stab.index)

.stab.indexstr
 *(.stab.indexstr)

.comment        0x0000000000000000       0x12
 *(.comment)
 .comment       0x0000000000000000       0x12 obj\Debug\fuse.o
                                         0x13 (size before relaxing)
 .comment       0x0000000000000012       0x13 obj\Debug\main.o

.note.gnu.avr.deviceinfo
                0x0000000000000000       0x40
 .note.gnu.avr.deviceinfo
                0x0000000000000000       0x40 c:/avr-gcc-10.1.0-x64-windows/bin/../lib/gcc/avr/10.1.0/../../../../avr/lib/avrxmega2/crtatxmega32d4.o

.note.gnu.build-id
 *(.note.gnu.build-id)

.debug
 *(.debug)

.line
 *(.line)

.debug_srcinfo
 *(.debug_srcinfo)

.debug_sfnames
 *(.debug_sfnames)

.debug_aranges  0x0000000000000000       0x58
 *(.debug_aranges)
 .debug_aranges
                0x0000000000000000       0x18 obj\Debug\fuse.o
 .debug_aranges
                0x0000000000000018       0x20 obj\Debug\main.o
 .debug_aranges
                0x0000000000000038       0x20 c:/avr-gcc-10.1.0-x64-windows/bin/../lib/gcc/avr/10.1.0/avrxmega2\libgcc.a(_exit.o)

.debug_pubnames
 *(.debug_pubnames)

.debug_info     0x0000000000000000     0x1e1a
 *(.debug_info .gnu.linkonce.wi.*)
 .debug_info    0x0000000000000000     0x1c6f c:/avr-gcc-10.1.0-x64-windows/bin/../lib/gcc/avr/10.1.0/../../../../avr/lib/avrxmega2/crtatxmega32d4.o
 .debug_info    0x0000000000001c6f       0xf5 obj\Debug\fuse.o
 .debug_info    0x0000000000001d64       0x90 obj\Debug\main.o
 .debug_info    0x0000000000001df4       0x26 c:/avr-gcc-10.1.0-x64-windows/bin/../lib/gcc/avr/10.1.0/avrxmega2\libgcc.a(_exit.o)

.debug_abbrev   0x0000000000000000     0x1be6
 *(.debug_abbrev)
 .debug_abbrev  0x0000000000000000     0x1aec c:/avr-gcc-10.1.0-x64-windows/bin/../lib/gcc/avr/10.1.0/../../../../avr/lib/avrxmega2/crtatxmega32d4.o
 .debug_abbrev  0x0000000000001aec       0x80 obj\Debug\fuse.o
 .debug_abbrev  0x0000000000001b6c       0x66 obj\Debug\main.o
 .debug_abbrev  0x0000000000001bd2       0x14 c:/avr-gcc-10.1.0-x64-windows/bin/../lib/gcc/avr/10.1.0/avrxmega2\libgcc.a(_exit.o)

.debug_line     0x0000000000000000      0x197
 *(.debug_line .debug_line.* .debug_line_end)
 .debug_line    0x0000000000000000       0x1d c:/avr-gcc-10.1.0-x64-windows/bin/../lib/gcc/avr/10.1.0/../../../../avr/lib/avrxmega2/crtatxmega32d4.o
 .debug_line    0x000000000000001d       0x98 obj\Debug\fuse.o
 .debug_line    0x00000000000000b5       0x81 obj\Debug\main.o
 .debug_line    0x0000000000000136       0x61 c:/avr-gcc-10.1.0-x64-windows/bin/../lib/gcc/avr/10.1.0/avrxmega2\libgcc.a(_exit.o)

.debug_frame    0x0000000000000000       0x34
 *(.debug_frame)
 .debug_frame   0x0000000000000000       0x34 obj\Debug\main.o

.debug_str      0x0000000000000000     0x14ae
 *(.debug_str)
 .debug_str     0x0000000000000000     0x12ea c:/avr-gcc-10.1.0-x64-windows/bin/../lib/gcc/avr/10.1.0/../../../../avr/lib/avrxmega2/crtatxmega32d4.o
 .debug_str     0x00000000000012ea      0x145 obj\Debug\fuse.o
                                        0x179 (size before relaxing)
 .debug_str     0x000000000000142f       0x1b obj\Debug\main.o
                                        0x115 (size before relaxing)
 .debug_str     0x000000000000144a       0x64 c:/avr-gcc-10.1.0-x64-windows/bin/../lib/gcc/avr/10.1.0/avrxmega2\libgcc.a(_exit.o)

.debug_loc
 *(.debug_loc)

.debug_macinfo
 *(.debug_macinfo)

.debug_weaknames
 *(.debug_weaknames)

.debug_funcnames
 *(.debug_funcnames)

.debug_typenames
 *(.debug_typenames)

.debug_varnames
 *(.debug_varnames)

.debug_pubtypes
 *(.debug_pubtypes)

.debug_ranges
 *(.debug_ranges)

.debug_macro
 *(.debug_macro)

.debug_addr
 *(.debug_addr)
OUTPUT(bin\Debug\testAvrc.elf elf32-avr)
LOAD linker stubs

Cross Reference Table

Symbol                                            File
__FUSE_REGION_LENGTH__                            c:/avr-gcc-10.1.0-x64-windows/bin/../lib/gcc/avr/10.1.0/../../../../avr/lib/avrxmega2/crtatxmega32d4.o
__bad_interrupt                                   c:/avr-gcc-10.1.0-x64-windows/bin/../lib/gcc/avr/10.1.0/../../../../avr/lib/avrxmega2/crtatxmega32d4.o
__fuse                                            obj\Debug\fuse.o
__heap_end                                        c:/avr-gcc-10.1.0-x64-windows/bin/../lib/gcc/avr/10.1.0/../../../../avr/lib/avrxmega2/crtatxmega32d4.o
__init                                            c:/avr-gcc-10.1.0-x64-windows/bin/../lib/gcc/avr/10.1.0/../../../../avr/lib/avrxmega2/crtatxmega32d4.o
__stack                                           c:/avr-gcc-10.1.0-x64-windows/bin/../lib/gcc/avr/10.1.0/../../../../avr/lib/avrxmega2/crtatxmega32d4.o
__vector_1                                        c:/avr-gcc-10.1.0-x64-windows/bin/../lib/gcc/avr/10.1.0/../../../../avr/lib/avrxmega2/crtatxmega32d4.o
__vector_10                                       c:/avr-gcc-10.1.0-x64-windows/bin/../lib/gcc/avr/10.1.0/../../../../avr/lib/avrxmega2/crtatxmega32d4.o
__vector_11                                       c:/avr-gcc-10.1.0-x64-windows/bin/../lib/gcc/avr/10.1.0/../../../../avr/lib/avrxmega2/crtatxmega32d4.o
__vector_12                                       c:/avr-gcc-10.1.0-x64-windows/bin/../lib/gcc/avr/10.1.0/../../../../avr/lib/avrxmega2/crtatxmega32d4.o
__vector_13                                       c:/avr-gcc-10.1.0-x64-windows/bin/../lib/gcc/avr/10.1.0/../../../../avr/lib/avrxmega2/crtatxmega32d4.o
__vector_14                                       c:/avr-gcc-10.1.0-x64-windows/bin/../lib/gcc/avr/10.1.0/../../../../avr/lib/avrxmega2/crtatxmega32d4.o
__vector_15                                       c:/avr-gcc-10.1.0-x64-windows/bin/../lib/gcc/avr/10.1.0/../../../../avr/lib/avrxmega2/crtatxmega32d4.o
__vector_16                                       c:/avr-gcc-10.1.0-x64-windows/bin/../lib/gcc/avr/10.1.0/../../../../avr/lib/avrxmega2/crtatxmega32d4.o
__vector_17                                       c:/avr-gcc-10.1.0-x64-windows/bin/../lib/gcc/avr/10.1.0/../../../../avr/lib/avrxmega2/crtatxmega32d4.o
__vector_18                                       c:/avr-gcc-10.1.0-x64-windows/bin/../lib/gcc/avr/10.1.0/../../../../avr/lib/avrxmega2/crtatxmega32d4.o
__vector_19                                       c:/avr-gcc-10.1.0-x64-windows/bin/../lib/gcc/avr/10.1.0/../../../../avr/lib/avrxmega2/crtatxmega32d4.o
__vector_2                                        c:/avr-gcc-10.1.0-x64-windows/bin/../lib/gcc/avr/10.1.0/../../../../avr/lib/avrxmega2/crtatxmega32d4.o
__vector_20                                       c:/avr-gcc-10.1.0-x64-windows/bin/../lib/gcc/avr/10.1.0/../../../../avr/lib/avrxmega2/crtatxmega32d4.o
__vector_21                                       c:/avr-gcc-10.1.0-x64-windows/bin/../lib/gcc/avr/10.1.0/../../../../avr/lib/avrxmega2/crtatxmega32d4.o
__vector_22                                       c:/avr-gcc-10.1.0-x64-windows/bin/../lib/gcc/avr/10.1.0/../../../../avr/lib/avrxmega2/crtatxmega32d4.o
__vector_23                                       c:/avr-gcc-10.1.0-x64-windows/bin/../lib/gcc/avr/10.1.0/../../../../avr/lib/avrxmega2/crtatxmega32d4.o
__vector_24                                       c:/avr-gcc-10.1.0-x64-windows/bin/../lib/gcc/avr/10.1.0/../../../../avr/lib/avrxmega2/crtatxmega32d4.o
__vector_25                                       c:/avr-gcc-10.1.0-x64-windows/bin/../lib/gcc/avr/10.1.0/../../../../avr/lib/avrxmega2/crtatxmega32d4.o
__vector_26                                       c:/avr-gcc-10.1.0-x64-windows/bin/../lib/gcc/avr/10.1.0/../../../../avr/lib/avrxmega2/crtatxmega32d4.o
__vector_27                                       c:/avr-gcc-10.1.0-x64-windows/bin/../lib/gcc/avr/10.1.0/../../../../avr/lib/avrxmega2/crtatxmega32d4.o
__vector_28                                       c:/avr-gcc-10.1.0-x64-windows/bin/../lib/gcc/avr/10.1.0/../../../../avr/lib/avrxmega2/crtatxmega32d4.o
__vector_29                                       c:/avr-gcc-10.1.0-x64-windows/bin/../lib/gcc/avr/10.1.0/../../../../avr/lib/avrxmega2/crtatxmega32d4.o
__vector_3                                        c:/avr-gcc-10.1.0-x64-windows/bin/../lib/gcc/avr/10.1.0/../../../../avr/lib/avrxmega2/crtatxmega32d4.o
__vector_30                                       c:/avr-gcc-10.1.0-x64-windows/bin/../lib/gcc/avr/10.1.0/../../../../avr/lib/avrxmega2/crtatxmega32d4.o
__vector_31                                       c:/avr-gcc-10.1.0-x64-windows/bin/../lib/gcc/avr/10.1.0/../../../../avr/lib/avrxmega2/crtatxmega32d4.o
__vector_32                                       c:/avr-gcc-10.1.0-x64-windows/bin/../lib/gcc/avr/10.1.0/../../../../avr/lib/avrxmega2/crtatxmega32d4.o
__vector_33                                       c:/avr-gcc-10.1.0-x64-windows/bin/../lib/gcc/avr/10.1.0/../../../../avr/lib/avrxmega2/crtatxmega32d4.o
__vector_34                                       c:/avr-gcc-10.1.0-x64-windows/bin/../lib/gcc/avr/10.1.0/../../../../avr/lib/avrxmega2/crtatxmega32d4.o
__vector_35                                       c:/avr-gcc-10.1.0-x64-windows/bin/../lib/gcc/avr/10.1.0/../../../../avr/lib/avrxmega2/crtatxmega32d4.o
__vector_36                                       c:/avr-gcc-10.1.0-x64-windows/bin/../lib/gcc/avr/10.1.0/../../../../avr/lib/avrxmega2/crtatxmega32d4.o
__vector_37                                       c:/avr-gcc-10.1.0-x64-windows/bin/../lib/gcc/avr/10.1.0/../../../../avr/lib/avrxmega2/crtatxmega32d4.o
__vector_38                                       c:/avr-gcc-10.1.0-x64-windows/bin/../lib/gcc/avr/10.1.0/../../../../avr/lib/avrxmega2/crtatxmega32d4.o
__vector_39                                       c:/avr-gcc-10.1.0-x64-windows/bin/../lib/gcc/avr/10.1.0/../../../../avr/lib/avrxmega2/crtatxmega32d4.o
__vector_4                                        c:/avr-gcc-10.1.0-x64-windows/bin/../lib/gcc/avr/10.1.0/../../../../avr/lib/avrxmega2/crtatxmega32d4.o
__vector_40                                       c:/avr-gcc-10.1.0-x64-windows/bin/../lib/gcc/avr/10.1.0/../../../../avr/lib/avrxmega2/crtatxmega32d4.o
__vector_41                                       c:/avr-gcc-10.1.0-x64-windows/bin/../lib/gcc/avr/10.1.0/../../../../avr/lib/avrxmega2/crtatxmega32d4.o
__vector_42                                       c:/avr-gcc-10.1.0-x64-windows/bin/../lib/gcc/avr/10.1.0/../../../../avr/lib/avrxmega2/crtatxmega32d4.o
__vector_43                                       c:/avr-gcc-10.1.0-x64-windows/bin/../lib/gcc/avr/10.1.0/../../../../avr/lib/avrxmega2/crtatxmega32d4.o
__vector_44                                       c:/avr-gcc-10.1.0-x64-windows/bin/../lib/gcc/avr/10.1.0/../../../../avr/lib/avrxmega2/crtatxmega32d4.o
__vector_45                                       c:/avr-gcc-10.1.0-x64-windows/bin/../lib/gcc/avr/10.1.0/../../../../avr/lib/avrxmega2/crtatxmega32d4.o
__vector_46                                       c:/avr-gcc-10.1.0-x64-windows/bin/../lib/gcc/avr/10.1.0/../../../../avr/lib/avrxmega2/crtatxmega32d4.o
__vector_47                                       c:/avr-gcc-10.1.0-x64-windows/bin/../lib/gcc/avr/10.1.0/../../../../avr/lib/avrxmega2/crtatxmega32d4.o
__vector_48                                       c:/avr-gcc-10.1.0-x64-windows/bin/../lib/gcc/avr/10.1.0/../../../../avr/lib/avrxmega2/crtatxmega32d4.o
__vector_49                                       c:/avr-gcc-10.1.0-x64-windows/bin/../lib/gcc/avr/10.1.0/../../../../avr/lib/avrxmega2/crtatxmega32d4.o
__vector_5                                        c:/avr-gcc-10.1.0-x64-windows/bin/../lib/gcc/avr/10.1.0/../../../../avr/lib/avrxmega2/crtatxmega32d4.o
__vector_50                                       c:/avr-gcc-10.1.0-x64-windows/bin/../lib/gcc/avr/10.1.0/../../../../avr/lib/avrxmega2/crtatxmega32d4.o
__vector_51                                       c:/avr-gcc-10.1.0-x64-windows/bin/../lib/gcc/avr/10.1.0/../../../../avr/lib/avrxmega2/crtatxmega32d4.o
__vector_52                                       c:/avr-gcc-10.1.0-x64-windows/bin/../lib/gcc/avr/10.1.0/../../../../avr/lib/avrxmega2/crtatxmega32d4.o
__vector_53                                       c:/avr-gcc-10.1.0-x64-windows/bin/../lib/gcc/avr/10.1.0/../../../../avr/lib/avrxmega2/crtatxmega32d4.o
__vector_54                                       c:/avr-gcc-10.1.0-x64-windows/bin/../lib/gcc/avr/10.1.0/../../../../avr/lib/avrxmega2/crtatxmega32d4.o
__vector_55                                       c:/avr-gcc-10.1.0-x64-windows/bin/../lib/gcc/avr/10.1.0/../../../../avr/lib/avrxmega2/crtatxmega32d4.o
__vector_56                                       c:/avr-gcc-10.1.0-x64-windows/bin/../lib/gcc/avr/10.1.0/../../../../avr/lib/avrxmega2/crtatxmega32d4.o
__vector_57                                       c:/avr-gcc-10.1.0-x64-windows/bin/../lib/gcc/avr/10.1.0/../../../../avr/lib/avrxmega2/crtatxmega32d4.o
__vector_58                                       c:/avr-gcc-10.1.0-x64-windows/bin/../lib/gcc/avr/10.1.0/../../../../avr/lib/avrxmega2/crtatxmega32d4.o
__vector_59                                       c:/avr-gcc-10.1.0-x64-windows/bin/../lib/gcc/avr/10.1.0/../../../../avr/lib/avrxmega2/crtatxmega32d4.o
__vector_6                                        c:/avr-gcc-10.1.0-x64-windows/bin/../lib/gcc/avr/10.1.0/../../../../avr/lib/avrxmega2/crtatxmega32d4.o
__vector_60                                       c:/avr-gcc-10.1.0-x64-windows/bin/../lib/gcc/avr/10.1.0/../../../../avr/lib/avrxmega2/crtatxmega32d4.o
__vector_61                                       c:/avr-gcc-10.1.0-x64-windows/bin/../lib/gcc/avr/10.1.0/../../../../avr/lib/avrxmega2/crtatxmega32d4.o
__vector_62                                       c:/avr-gcc-10.1.0-x64-windows/bin/../lib/gcc/avr/10.1.0/../../../../avr/lib/avrxmega2/crtatxmega32d4.o
__vector_63                                       c:/avr-gcc-10.1.0-x64-windows/bin/../lib/gcc/avr/10.1.0/../../../../avr/lib/avrxmega2/crtatxmega32d4.o
__vector_64                                       c:/avr-gcc-10.1.0-x64-windows/bin/../lib/gcc/avr/10.1.0/../../../../avr/lib/avrxmega2/crtatxmega32d4.o
__vector_65                                       c:/avr-gcc-10.1.0-x64-windows/bin/../lib/gcc/avr/10.1.0/../../../../avr/lib/avrxmega2/crtatxmega32d4.o
__vector_66                                       c:/avr-gcc-10.1.0-x64-windows/bin/../lib/gcc/avr/10.1.0/../../../../avr/lib/avrxmega2/crtatxmega32d4.o
__vector_67                                       c:/avr-gcc-10.1.0-x64-windows/bin/../lib/gcc/avr/10.1.0/../../../../avr/lib/avrxmega2/crtatxmega32d4.o
__vector_68                                       c:/avr-gcc-10.1.0-x64-windows/bin/../lib/gcc/avr/10.1.0/../../../../avr/lib/avrxmega2/crtatxmega32d4.o
__vector_69                                       c:/avr-gcc-10.1.0-x64-windows/bin/../lib/gcc/avr/10.1.0/../../../../avr/lib/avrxmega2/crtatxmega32d4.o
__vector_7                                        c:/avr-gcc-10.1.0-x64-windows/bin/../lib/gcc/avr/10.1.0/../../../../avr/lib/avrxmega2/crtatxmega32d4.o
__vector_70                                       c:/avr-gcc-10.1.0-x64-windows/bin/../lib/gcc/avr/10.1.0/../../../../avr/lib/avrxmega2/crtatxmega32d4.o
__vector_71                                       c:/avr-gcc-10.1.0-x64-windows/bin/../lib/gcc/avr/10.1.0/../../../../avr/lib/avrxmega2/crtatxmega32d4.o
__vector_72                                       c:/avr-gcc-10.1.0-x64-windows/bin/../lib/gcc/avr/10.1.0/../../../../avr/lib/avrxmega2/crtatxmega32d4.o
__vector_73                                       c:/avr-gcc-10.1.0-x64-windows/bin/../lib/gcc/avr/10.1.0/../../../../avr/lib/avrxmega2/crtatxmega32d4.o
__vector_74                                       c:/avr-gcc-10.1.0-x64-windows/bin/../lib/gcc/avr/10.1.0/../../../../avr/lib/avrxmega2/crtatxmega32d4.o
__vector_75                                       c:/avr-gcc-10.1.0-x64-windows/bin/../lib/gcc/avr/10.1.0/../../../../avr/lib/avrxmega2/crtatxmega32d4.o
__vector_76                                       c:/avr-gcc-10.1.0-x64-windows/bin/../lib/gcc/avr/10.1.0/../../../../avr/lib/avrxmega2/crtatxmega32d4.o
__vector_77                                       c:/avr-gcc-10.1.0-x64-windows/bin/../lib/gcc/avr/10.1.0/../../../../avr/lib/avrxmega2/crtatxmega32d4.o
__vector_78                                       c:/avr-gcc-10.1.0-x64-windows/bin/../lib/gcc/avr/10.1.0/../../../../avr/lib/avrxmega2/crtatxmega32d4.o
__vector_79                                       c:/avr-gcc-10.1.0-x64-windows/bin/../lib/gcc/avr/10.1.0/../../../../avr/lib/avrxmega2/crtatxmega32d4.o
__vector_8                                        c:/avr-gcc-10.1.0-x64-windows/bin/../lib/gcc/avr/10.1.0/../../../../avr/lib/avrxmega2/crtatxmega32d4.o
__vector_80                                       c:/avr-gcc-10.1.0-x64-windows/bin/../lib/gcc/avr/10.1.0/../../../../avr/lib/avrxmega2/crtatxmega32d4.o
__vector_81                                       c:/avr-gcc-10.1.0-x64-windows/bin/../lib/gcc/avr/10.1.0/../../../../avr/lib/avrxmega2/crtatxmega32d4.o
__vector_82                                       c:/avr-gcc-10.1.0-x64-windows/bin/../lib/gcc/avr/10.1.0/../../../../avr/lib/avrxmega2/crtatxmega32d4.o
__vector_83                                       c:/avr-gcc-10.1.0-x64-windows/bin/../lib/gcc/avr/10.1.0/../../../../avr/lib/avrxmega2/crtatxmega32d4.o
__vector_84                                       c:/avr-gcc-10.1.0-x64-windows/bin/../lib/gcc/avr/10.1.0/../../../../avr/lib/avrxmega2/crtatxmega32d4.o
__vector_85                                       c:/avr-gcc-10.1.0-x64-windows/bin/../lib/gcc/avr/10.1.0/../../../../avr/lib/avrxmega2/crtatxmega32d4.o
__vector_86                                       c:/avr-gcc-10.1.0-x64-windows/bin/../lib/gcc/avr/10.1.0/../../../../avr/lib/avrxmega2/crtatxmega32d4.o
__vector_87                                       c:/avr-gcc-10.1.0-x64-windows/bin/../lib/gcc/avr/10.1.0/../../../../avr/lib/avrxmega2/crtatxmega32d4.o
__vector_88                                       c:/avr-gcc-10.1.0-x64-windows/bin/../lib/gcc/avr/10.1.0/../../../../avr/lib/avrxmega2/crtatxmega32d4.o
__vector_89                                       c:/avr-gcc-10.1.0-x64-windows/bin/../lib/gcc/avr/10.1.0/../../../../avr/lib/avrxmega2/crtatxmega32d4.o
__vector_9                                        c:/avr-gcc-10.1.0-x64-windows/bin/../lib/gcc/avr/10.1.0/../../../../avr/lib/avrxmega2/crtatxmega32d4.o
__vector_90                                       c:/avr-gcc-10.1.0-x64-windows/bin/../lib/gcc/avr/10.1.0/../../../../avr/lib/avrxmega2/crtatxmega32d4.o
__vector_default                                  c:/avr-gcc-10.1.0-x64-windows/bin/../lib/gcc/avr/10.1.0/../../../../avr/lib/avrxmega2/crtatxmega32d4.o
__vectors                                         c:/avr-gcc-10.1.0-x64-windows/bin/../lib/gcc/avr/10.1.0/../../../../avr/lib/avrxmega2/crtatxmega32d4.o
_exit                                             c:/avr-gcc-10.1.0-x64-windows/bin/../lib/gcc/avr/10.1.0/avrxmega2\libgcc.a(_exit.o)
exit                                              c:/avr-gcc-10.1.0-x64-windows/bin/../lib/gcc/avr/10.1.0/avrxmega2\libgcc.a(_exit.o)
                                                  c:/avr-gcc-10.1.0-x64-windows/bin/../lib/gcc/avr/10.1.0/../../../../avr/lib/avrxmega2/crtatxmega32d4.o
main                                              obj\Debug\main.o
                                                  c:/avr-gcc-10.1.0-x64-windows/bin/../lib/gcc/avr/10.1.0/../../../../avr/lib/avrxmega2/crtatxmega32d4.o
